.\gradlew : e: file:///C:/Users/TUAN%20KIET/AndroidStudioProjects/APP_DoubleKRestaurant/app/src/main/java/com/example/a
pp_doublekrestaurant/ui/admin/dashboard/AdminDashboardScreen.kt:23:55 Unresolved reference 'formatVnd'.
At line:1 char:1
+ .\gradlew compileDebugKotlin --daemon --quiet > build_errors.txt 2>&1
+ ~~~~~~~~~~~~~~~~~~~~~~~~~~~~~~~~~~~~~~~~~~~~~~~~~~~~~~~~~~~~~~~~~~~~~
    + CategoryInfo          : NotSpecified: (e: file:///C:/U...ce 'formatVnd'.:String) [], RemoteException
    + FullyQualifiedErrorId : NativeCommandError
 
e: file:///C:/Users/TUAN%20KIET/AndroidStudioProjects/APP_DoubleKRestaurant/app/src/main/java/com/example/app_doublekre
staurant/ui/admin/dashboard/AdminDashboardScreen.kt:74:29 Unresolved reference 'formatVnd'.
e: file:///C:/Users/TUAN%20KIET/AndroidStudioProjects/APP_DoubleKRestaurant/app/src/main/java/com/example/app_doublekre
staurant/ui/admin/dashboard/AdminDashboardScreen.kt:100:40 Unresolved reference 'totalUsersCount'.
e: file:///C:/Users/TUAN%20KIET/AndroidStudioProjects/APP_DoubleKRestaurant/app/src/main/java/com/example/app_doublekre
staurant/ui/admin/dashboard/AdminDashboardScreen.kt:163:78 Unresolved reference 'CircleShape'.
e: file:///C:/Users/TUAN%20KIET/AndroidStudioProjects/APP_DoubleKRestaurant/app/src/main/java/com/example/app_doublekre
staurant/ui/auth/LoginScreen.kt:164:70 Argument type mismatch: actual type is 'kotlin.Function1<kotlin.String, 
kotlin.Unit>', but 'kotlin.Function1<com.example.app_doublekrestaurant.data.model.UserRole, kotlin.Unit>' was expected.
e: file:///C:/Users/TUAN%20KIET/AndroidStudioProjects/APP_DoubleKRestaurant/app/src/main/java/com/example/app_doublekre
staurant/ui/auth/RegisterScreen.kt:70:95 Unresolved reference 'CircleShape'.
e: file:///C:/Users/TUAN%20KIET/AndroidStudioProjects/APP_DoubleKRestaurant/app/src/main/java/com/example/app_doublekre
staurant/ui/auth/RegisterScreen.kt:151:86 Argument type mismatch: actual type is 'kotlin.Function1<kotlin.String, 
kotlin.Unit>', but 'com.example.app_doublekrestaurant.data.model.UserRole' was expected.
e: file:///C:/Users/TUAN%20KIET/AndroidStudioProjects/APP_DoubleKRestaurant/app/src/main/java/com/example/app_doublekre
staurant/ui/auth/RegisterScreen.kt:151:86 No value passed for parameter 'onSuccess'.
e: file:///C:/Users/TUAN%20KIET/AndroidStudioProjects/APP_DoubleKRestaurant/app/src/main/java/com/example/app_doublekre
staurant/ui/user/home/UserHomeScreen.kt:292:26 Unresolved reference 'formatVnd'.
e: file:///C:/Users/TUAN%20KIET/AndroidStudioProjects/APP_DoubleKRestaurant/app/src/main/java/com/example/app_doublekre
staurant/ui/user/orders/UserOrderHistoryScreen.kt:29:55 Unresolved reference 'formatVnd'.
e: file:///C:/Users/TUAN%20KIET/AndroidStudioProjects/APP_DoubleKRestaurant/app/src/main/java/com/example/app_doublekre
staurant/ui/user/orders/UserOrderHistoryScreen.kt:247:26 Unresolved reference 'formatVnd'.
e: file:///C:/Users/TUAN%20KIET/AndroidStudioProjects/APP_DoubleKRestaurant/app/src/main/java/com/example/app_doublekre
staurant/ui/user/orders/UserOrderHistoryScreen.kt:256:22 Unresolved reference 'formatVnd'.

FAILURE: Build failed with an exception.

* What went wrong:
Execution failed for task ':app:compileDebugKotlin'.
> A failure occurred while executing 
org.jetbrains.kotlin.compilerRunner.GradleCompilerRunnerWithWorkers$GradleKotlinCompilerWorkAction
   > Compilation error. See log for more details

* Try:
> Run with --stacktrace option to get the stack trace.
> Run with --info or --debug option to get more log output.
> Run with --scan to generate a Build Scan (Powered by Develocity).
> Get more help at https://help.gradle.org.

BUILD FAILED in 4s
